Script started on Mon 21 Jan 2019 05:45:28 PM CST
[?1034hbash-4.2$ pwd
/home/u1/yzg0032
bash-4.2$ ls
appdata  Application Data  commands.script  Desktop  Documents
bash-4.2$ mkdir project.[K1.tgz
bash-4.2$ c[Kmkdir sample
bash-4.2$ vi s1.cpp
[?1049h[?1h=[1;24r[?12;25h[?12l[?25h[27m[m[H[2J[?25l[24;1H"s1.cpp" [New File][2;1H[1m[34m~                                                                               [3;1H~                                                                               [4;1H~                                                                               [5;1H~                                                                               [6;1H~                                                                               [7;1H~                                                                               [8;1H~                                                                               [9;1H~                                                                               [10;1H~                                                                               [11;1H~                                                                               [12;1H~                                                                               [13;1H~                                                                               [14;1H~                                                                               [15;1H~                                                                               [16;1H~                                                                               [17;1H~                                                                               [18;1H~                                                                               [19;1H~                                                                               [20;1H~                                                                               [21;1H~                                                                               [22;1H~                                                                               [23;1H~                                                                               [1;1H[?12l[?25h[?25l[m[24;1H[K[24;1H:[?12l[?25hwq[?25l"s1.cpp" [New] 0L, 0C written
[?1l>[?12l[?25h[?1049lbash-4.2$ m[Kcp s1.cpp sample
bash-4.2$ mv sa[K1.cpp s2.cpp
bash-4.2$ mv s2.cpp sample
bash-4.2$ rm -rf sample
bash-4.2$ vi s3.cpp
[?1049h[?1h=[1;24r[?12;25h[?12l[?25h[27m[m[H[2J[?25l[24;1H"s3.cpp" [New File][2;1H[1m[34m~                                                                               [3;1H~                                                                               [4;1H~                                                                               [5;1H~                                                                               [6;1H~                                                                               [7;1H~                                                                               [8;1H~                                                                               [9;1H~                                                                               [10;1H~                                                                               [11;1H~                                                                               [12;1H~                                                                               [13;1H~                                                                               [14;1H~                                                                               [15;1H~                                                                               [16;1H~                                                                               [17;1H~                                                                               [18;1H~                                                                               [19;1H~                                                                               [20;1H~                                                                               [21;1H~                                                                               [22;1H~                                                                               [23;1H~                                                                               [1;1H[?12l[?25h[?25l[m[24;1H[K[24;1H:[?12l[?25hwq[?25l"s3.cpp" [New] 0L, 0C written
[?1l>[?12l[?25h[?1049lbash-4.2$ chmod 123 s3,c[K[K.cpp
bash-4.2$ chmod a+r s3.cpp
bash-4.2$ clear
[3;J[H[2Jbash-4.2$ who
azk0078  pts/0        2019-01-21 15:17 (ettin.eng.auburn.edu)
dzl0021  pts/2        2019-01-08 00:52 (:2)
ezt0020  pts/1        2018-12-11 21:48 (:1)
yzg0032  pts/3        2019-01-21 15:22 (ettin.eng.auburn.edu)
yzg0032  pts/4        2019-01-21 17:45
bash-4.2$ nproc
16
bash-4.2$ g++ --h
Usage: g++ [options] file...
Options:
  -pass-exit-codes         Exit with highest error code from a phase
  --help                   Display this information
  --target-help            Display target specific command line options
  --help={common|optimizers|params|target|warnings|[^]{joined|separate|undocumented}}[,...]
                           Display specific types of command line options
  (Use '-v --help' to display command line options of sub-processes)
  --version                Display compiler version information
  -dumpspecs               Display all of the built in spec strings
  -dumpversion             Display the version of the compiler
  -dumpmachine             Display the compiler's target processor
  -print-search-dirs       Display the directories in the compiler's search path
  -print-libgcc-file-name  Display the name of the compiler's companion library
  -print-file-name=<lib>   Display the full path to library <lib>
  -print-prog-name=<prog>  Display the full path to compiler component <prog>
  -print-multiarch         Display the target's normalized GNU triplet, used as
                           a component in the library path
  -print-multi-directory   Display the root directory for versions of libgcc
  -print-multi-lib         Display the mapping between command line options and
                           multiple library search directories
  -print-multi-os-directory Display the relative path to OS libraries
  -print-sysroot           Display the target libraries directory
  -print-sysroot-headers-suffix Display the sysroot suffix used to find headers
  -Wa,<options>            Pass comma-separated <options> on to the assembler
  -Wp,<options>            Pass comma-separated <options> on to the preprocessor
  -Wl,<options>            Pass comma-separated <options> on to the linker
  -Xassembler <arg>        Pass <arg> on to the assembler
  -Xpreprocessor <arg>     Pass <arg> on to the preprocessor
  -Xlinker <arg>           Pass <arg> on to the linker
  -save-temps              Do not delete intermediate files
  -save-temps=<arg>        Do not delete intermediate files
  -no-canonical-prefixes   Do not canonicalize paths when building relative
                           prefixes to other gcc components
  -pipe                    Use pipes rather than intermediate files
  -time                    Time the execution of each subprocess
  -specs=<file>            Override built-in specs with the contents of <file>
  -std=<standard>          Assume that the input sources are for <standard>
  --sysroot=<directory>    Use <directory> as the root directory for headers
                           and libraries
  -B <directory>           Add <directory> to the compiler's search paths
  -v                       Display the programs invoked by the compiler
  -###                     Like -v but options quoted and commands not executed
  -E                       Preprocess only; do not compile, assemble or link
  -S                       Compile only; do not assemble or link
  -c                       Compile and assemble, but do not link
  -o <file>                Place the output into <file>
  -pie                     Create a position independent executable
  -shared                  Create a shared library
  -x <language>            Specify the language of the following input files
                           Permissible languages include: c c++ assembler none
                           'none' means revert to the default behavior of
                           guessing the language based on the file's extension

Options starting with -g, -f, -m, -O, -W, or --param are automatically
 passed on to the various sub-processes invoked by g++.  In order to pass
 other options on to these processes the -W<letter> options must be used.

For bug reporting instructions, please see:
<http://bugzilla.redhat.com/bugzilla>.
bash-4.2$ exit
exit

Script done on Mon 21 Jan 2019 05:47:20 PM CST
